[2026-08-24 16:58:07,720] 43 root - INFO - Initiate the data ingestion
[2026-08-24 17:00:22,776] 92 root - INFO - Performed train test split on the dataframe
[2026-08-24 17:00:22,776] 94 root - INFO - Exited split_data_as_train_test method of Data_Ingestion class
[2026-08-24 17:00:22,777] 102 root - INFO - Exporting train and test file path
[2026-08-24 17:00:22,941] 110 root - INFO - Export train and test file path.
[2026-08-24 17:00:22,941] 49 root - INFO - Data ingestion completed
[2026-08-24 17:00:23,022] 66 root - INFO - Initiate the data validation
[2026-08-24 17:00:23,221] 36 root - INFO - Required number of columns: 31
[2026-08-24 17:00:23,223] 40 root - INFO - Data frame has columns: 31
[2026-08-24 17:00:23,223] 36 root - INFO - Required number of columns: 31
[2026-08-24 17:00:23,223] 40 root - INFO - Data frame has columns: 31
[2026-08-24 17:00:23,622] 72 root - INFO - Data validation completed
[2026-08-24 17:00:23,629] 84 root - INFO - Data transformation started
[2026-08-24 17:00:23,629] 78 root - INFO - Entered initiate_data_transformation method of DataTransformation class
[2026-08-24 17:00:23,630] 85 root - INFO - Starting data transformation
[2026-08-24 17:00:23,781] 99 root - INFO - Train dataframe shape: (8844, 31)
[2026-08-24 17:00:23,781] 103 root - INFO - Test dataframe shape: (2211, 31)
[2026-08-24 17:00:23,785] 50 root - INFO - Entered get_data_transformer_object method of DataTransformation class
[2026-08-24 17:00:23,785] 60 root - INFO - Initialized KNNImputer with {'missing_values': nan, 'n_neighbors': 3, 'weights': 'uniform'}
[2026-08-24 17:00:23,785] 143 root - INFO - Fitting preprocessing object on training data
[2026-08-24 17:00:23,871] 167 root - INFO - Successfully transformed training and testing features
[2026-08-24 17:00:23,872] 185 root - INFO - Transformed train array shape: (8844, 31)
[2026-08-24 17:00:23,873] 189 root - INFO - Transformed test array shape: (2211, 31)
[2026-08-24 17:00:23,891] 48 root - INFO - Exited the save_object method of MainUtils class
[2026-08-24 17:00:23,891] 216 root - INFO - Saved transformed train data, test data, and preprocessing object
[2026-08-24 17:00:23,892] 242 root - INFO - Data transformation artifact: DataTransformationArtifact(transformed_object_file_path='Artifacts\\08_24_2026_16_57_38\\data_transformation\\transformed_object\\preprocessing.pkl', transformed_train_file_path='Artifacts\\08_24_2026_16_57_38\\data_transformation\\transformed\\train.npy', transformed_test_file_path='Artifacts\\08_24_2026_16_57_38\\data_transformation\\transformed\\test.npy')
[2026-08-24 17:00:23,893] 95 root - INFO - Data transformation completed
[2026-08-24 17:00:23,893] 102 root - INFO - Model Training Started
[2026-08-24 17:05:39,624] 48 root - INFO - Exited the save_object method of MainUtils class
[2026-08-24 17:05:39,626] 157 root - INFO - Model trainer artifact: ModelTrainerArtifact(trained_model_file_path='Artifacts\\08_24_2026_16_57_38\\model_trainer\\trained_model\\model.pkl', train_metric_artifact=ClassificationMetricArtifact(f1_score=0.9910732400081153, precision_score=0.9902696128116765, recall_score=0.9918781725888325), test_metric_artifact=ClassificationMetricArtifact(f1_score=0.9772727272727273, precision_score=0.9772727272727273, recall_score=0.9772727272727273))
[2026-08-24 17:05:39,629] 107 root - INFO - Model Training artifact created
