[2026-08-24 19:54:07,877] 1025 httpx - INFO - HTTP Request: POST https://dagshub.com/login/oauth/middleman "HTTP/1.1 200 OK"
[2026-08-24 19:54:09,224] 1025 httpx - INFO - HTTP Request: POST https://dagshub.com/login/oauth/access_token "HTTP/1.1 200 OK"
[2026-08-24 19:54:10,427] 1025 httpx - INFO - HTTP Request: GET https://dagshub.com/api/v1/user "HTTP/1.1 200 OK"
[2026-08-24 19:54:10,437] 107 dagshub - INFO - Accessing as shabalalaaphiwe64
[2026-08-24 19:54:11,559] 1025 httpx - INFO - HTTP Request: GET https://dagshub.com/api/v1/repos/shabalalaaphiwe64/ML-Project "HTTP/1.1 200 OK"
[2026-08-24 19:54:13,434] 1025 httpx - INFO - HTTP Request: GET https://dagshub.com/api/v1/user "HTTP/1.1 200 OK"
[2026-08-24 19:54:13,437] 107 dagshub - INFO - Initialized MLflow to track repo "shabalalaaphiwe64/ML-Project"
[2026-08-24 19:54:13,439] 107 dagshub - INFO - Repository shabalalaaphiwe64/ML-Project initialized!
[2026-08-24 19:54:13,439] 43 root - INFO - Initiate the data ingestion
[2026-08-24 19:54:26,701] 92 root - INFO - Performed train test split on the dataframe
[2026-08-24 19:54:26,701] 94 root - INFO - Exited split_data_as_train_test method of Data_Ingestion class
[2026-08-24 19:54:26,704] 102 root - INFO - Exporting train and test file path
[2026-08-24 19:54:26,849] 110 root - INFO - Export train and test file path.
[2026-08-24 19:54:26,851] 49 root - INFO - Data ingestion completed
[2026-08-24 19:54:26,871] 66 root - INFO - Initiate the data validation
[2026-08-24 19:54:27,007] 36 root - INFO - Required number of columns: 31
[2026-08-24 19:54:27,007] 40 root - INFO - Data frame has columns: 31
[2026-08-24 19:54:27,007] 36 root - INFO - Required number of columns: 31
[2026-08-24 19:54:27,007] 40 root - INFO - Data frame has columns: 31
[2026-08-24 19:54:27,305] 72 root - INFO - Data validation completed
[2026-08-24 19:54:27,306] 84 root - INFO - Data transformation started
[2026-08-24 19:54:27,306] 78 root - INFO - Entered initiate_data_transformation method of DataTransformation class
[2026-08-24 19:54:27,307] 85 root - INFO - Starting data transformation
[2026-08-24 19:54:27,418] 99 root - INFO - Train dataframe shape: (8844, 31)
[2026-08-24 19:54:27,418] 103 root - INFO - Test dataframe shape: (2211, 31)
[2026-08-24 19:54:27,422] 50 root - INFO - Entered get_data_transformer_object method of DataTransformation class
[2026-08-24 19:54:27,422] 60 root - INFO - Initialized KNNImputer with {'missing_values': nan, 'n_neighbors': 3, 'weights': 'uniform'}
[2026-08-24 19:54:27,422] 143 root - INFO - Fitting preprocessing object on training data
[2026-08-24 19:54:27,489] 167 root - INFO - Successfully transformed training and testing features
[2026-08-24 19:54:27,490] 185 root - INFO - Transformed train array shape: (8844, 31)
[2026-08-24 19:54:27,490] 189 root - INFO - Transformed test array shape: (2211, 31)
[2026-08-24 19:54:27,512] 48 root - INFO - Exited the save_object method of MainUtils class
[2026-08-24 19:54:27,512] 216 root - INFO - Saved transformed train data, test data, and preprocessing object
[2026-08-24 19:54:27,512] 242 root - INFO - Data transformation artifact: DataTransformationArtifact(transformed_object_file_path='Artifacts\\08_24_2026_19_53_12\\data_transformation\\transformed_object\\preprocessing.pkl', transformed_train_file_path='Artifacts\\08_24_2026_19_53_12\\data_transformation\\transformed\\train.npy', transformed_test_file_path='Artifacts\\08_24_2026_19_53_12\\data_transformation\\transformed\\test.npy')
[2026-08-24 19:54:27,513] 95 root - INFO - Data transformation completed
[2026-08-24 19:54:27,514] 102 root - INFO - Model Training Started
[2026-08-24 20:01:33,581] 48 root - INFO - Exited the save_object method of MainUtils class
[2026-08-24 20:01:33,582] 159 root - INFO - Model trainer artifact: ModelTrainerArtifact(trained_model_file_path='Artifacts\\08_24_2026_19_53_12\\model_trainer\\trained_model\\model.pkl', train_metric_artifact=ClassificationMetricArtifact(f1_score=0.9918057663125949, precision_score=0.9907033144704931, recall_score=0.9929106744986834), test_metric_artifact=ClassificationMetricArtifact(f1_score=0.972753151687678, precision_score=0.9652945924132365, recall_score=0.980327868852459))
[2026-08-24 20:01:33,584] 107 root - INFO - Model Training artifact created
